Archive member included to satisfy reference by file (symbol)

c:/nxp/mcuxpressoide_10.1.1_606/ide/tools/bin/../lib/gcc/arm-none-eabi/6.3.1/../../../../arm-none-eabi/lib/thumb/v6-m\libcr_semihost_nf.a(_cr__main.o)
                              ./startup/startup_mkl25z4.o (__main)
c:/nxp/mcuxpressoide_10.1.1_606/ide/tools/bin/../lib/gcc/arm-none-eabi/6.3.1/../../../../arm-none-eabi/lib/thumb/v6-m\libcr_semihost_nf.a(_cr_assert.o)
                              ./source/tpm_timer.o (__assertion_failed)
c:/nxp/mcuxpressoide_10.1.1_606/ide/tools/bin/../lib/gcc/arm-none-eabi/6.3.1/../../../../arm-none-eabi/lib/thumb/v6-m\libcr_semihost_nf.a(__ciob.o)
                              c:/nxp/mcuxpressoide_10.1.1_606/ide/tools/bin/../lib/gcc/arm-none-eabi/6.3.1/../../../../arm-none-eabi/lib/thumb/v6-m\libcr_semihost_nf.a(_cr_assert.o) (__Ciob)
c:/nxp/mcuxpressoide_10.1.1_606/ide/tools/bin/../lib/gcc/arm-none-eabi/6.3.1/../../../../arm-none-eabi/lib/thumb/v6-m\libcr_semihost_nf.a(__sys_appexit.o)
                              c:/nxp/mcuxpressoide_10.1.1_606/ide/tools/bin/../lib/gcc/arm-none-eabi/6.3.1/../../../../arm-none-eabi/lib/thumb/v6-m\libcr_semihost_nf.a(_cr_assert.o) (__sys_appexit)
c:/nxp/mcuxpressoide_10.1.1_606/ide/tools/bin/../lib/gcc/arm-none-eabi/6.3.1/../../../../arm-none-eabi/lib/thumb/v6-m\libcr_c.a(memcpy.o)
                              ./drivers/fsl_flash.o (memcpy)
c:/nxp/mcuxpressoide_10.1.1_606/ide/tools/bin/../lib/gcc/arm-none-eabi/6.3.1/../../../../arm-none-eabi/lib/thumb/v6-m\libcr_c.a(memset.o)
                              ./drivers/fsl_flash.o (memset)
c:/nxp/mcuxpressoide_10.1.1_606/ide/tools/bin/../lib/gcc/arm-none-eabi/6.3.1/../../../../arm-none-eabi/lib/thumb/v6-m\libcr_c.a(_deferredlazyseek.o)
                              c:/nxp/mcuxpressoide_10.1.1_606/ide/tools/bin/../lib/gcc/arm-none-eabi/6.3.1/../../../../arm-none-eabi/lib/thumb/v6-m\libcr_semihost_nf.a(_cr_assert.o) (__flsbuf)
c:/nxp/mcuxpressoide_10.1.1_606/ide/tools/bin/../lib/gcc/arm-none-eabi/6.3.1/../../../../arm-none-eabi/lib/thumb/v6-m\libcr_c.a(_fflush.o)
                              c:/nxp/mcuxpressoide_10.1.1_606/ide/tools/bin/../lib/gcc/arm-none-eabi/6.3.1/../../../../arm-none-eabi/lib/thumb/v6-m\libcr_c.a(_deferredlazyseek.o) (_fflush)
c:/nxp/mcuxpressoide_10.1.1_606/ide/tools/bin/../lib/gcc/arm-none-eabi/6.3.1/../../../../arm-none-eabi/lib/thumb/v6-m\libcr_c.a(_writebuf.o)
                              c:/nxp/mcuxpressoide_10.1.1_606/ide/tools/bin/../lib/gcc/arm-none-eabi/6.3.1/../../../../arm-none-eabi/lib/thumb/v6-m\libcr_c.a(_deferredlazyseek.o) (_Cwritebuf)
c:/nxp/mcuxpressoide_10.1.1_606/ide/tools/bin/../lib/gcc/arm-none-eabi/6.3.1/../../../../arm-none-eabi/lib/thumb/v6-m\libcr_c.a(alloc.o)
                              c:/nxp/mcuxpressoide_10.1.1_606/ide/tools/bin/../lib/gcc/arm-none-eabi/6.3.1/../../../../arm-none-eabi/lib/thumb/v6-m\libcr_c.a(_deferredlazyseek.o) (_Csys_alloc)
c:/nxp/mcuxpressoide_10.1.1_606/ide/tools/bin/../lib/gcc/arm-none-eabi/6.3.1/../../../../arm-none-eabi/lib/thumb/v6-m\libcr_c.a(fputs.o)
                              c:/nxp/mcuxpressoide_10.1.1_606/ide/tools/bin/../lib/gcc/arm-none-eabi/6.3.1/../../../../arm-none-eabi/lib/thumb/v6-m\libcr_semihost_nf.a(_cr_assert.o) (fputs)
c:/nxp/mcuxpressoide_10.1.1_606/ide/tools/bin/../lib/gcc/arm-none-eabi/6.3.1/../../../../arm-none-eabi/lib/thumb/v6-m\libcr_c.a(fseek.o)
                              c:/nxp/mcuxpressoide_10.1.1_606/ide/tools/bin/../lib/gcc/arm-none-eabi/6.3.1/../../../../arm-none-eabi/lib/thumb/v6-m\libcr_c.a(_deferredlazyseek.o) (fseek)
c:/nxp/mcuxpressoide_10.1.1_606/ide/tools/bin/../lib/gcc/arm-none-eabi/6.3.1/../../../../arm-none-eabi/lib/thumb/v6-m\libcr_c.a(ftell.o)
                              c:/nxp/mcuxpressoide_10.1.1_606/ide/tools/bin/../lib/gcc/arm-none-eabi/6.3.1/../../../../arm-none-eabi/lib/thumb/v6-m\libcr_c.a(fseek.o) (ftell)
c:/nxp/mcuxpressoide_10.1.1_606/ide/tools/bin/../lib/gcc/arm-none-eabi/6.3.1/../../../../arm-none-eabi/lib/thumb/v6-m\libcr_c.a(initio.o)
                              c:/nxp/mcuxpressoide_10.1.1_606/ide/tools/bin/../lib/gcc/arm-none-eabi/6.3.1/../../../../arm-none-eabi/lib/thumb/v6-m\libcr_semihost_nf.a(_cr__main.o) (_initio)
c:/nxp/mcuxpressoide_10.1.1_606/ide/tools/bin/../lib/gcc/arm-none-eabi/6.3.1/../../../../arm-none-eabi/lib/thumb/v6-m\libcr_c.a(printf.o)
                              ./source/tpm_timer.o (_printf)
c:/nxp/mcuxpressoide_10.1.1_606/ide/tools/bin/../lib/gcc/arm-none-eabi/6.3.1/../../../../arm-none-eabi/lib/thumb/v6-m\libcr_c.a(setvbuf.o)
                              c:/nxp/mcuxpressoide_10.1.1_606/ide/tools/bin/../lib/gcc/arm-none-eabi/6.3.1/../../../../arm-none-eabi/lib/thumb/v6-m\libcr_c.a(initio.o) (setvbuf)
c:/nxp/mcuxpressoide_10.1.1_606/ide/tools/bin/../lib/gcc/arm-none-eabi/6.3.1/../../../../arm-none-eabi/lib/thumb/v6-m\libcr_c.a(strlen.o)
[...]
Memory Configuration

Name             Origin             Length             Attributes
PROGRAM_FLASH    0x00000000         0x00020000         xr
SRAM             0x1ffff000         0x00004000         xrw
*default*        0x00000000         0xffffffff

Linker script and memory map

LOAD ./utilities/fsl_debug_console.o
LOAD ./startup/startup_mkl25z4.o
LOAD ./source/mtb.o
LOAD ./source/semihost_hardfault.o
LOAD ./source/tpm_timer.o
LOAD ./drivers/fsl_adc16.o
LOAD ./drivers/fsl_clock.o
LOAD ./drivers/fsl_common.o
LOAD ./drivers/fsl_flash.o
LOAD ./drivers/fsl_gpio.o
LOAD ./drivers/fsl_lpsci.o
LOAD ./drivers/fsl_smc.o
LOAD ./drivers/fsl_tpm.o
LOAD ./drivers/fsl_uart.o
LOAD ./board/board.o
LOAD ./board/clock_config.o
LOAD ./board/pin_mux.o
LOAD ./CMSIS/system_MKL25Z4.o
START GROUP
LOAD c:/nxp/mcuxpressoide_10.1.1_606/ide/tools/bin/../lib/gcc/arm-none-eabi/6.3.1/../../../../arm-none-eabi/lib/thumb/v6-m\libcr_semihost_nf.a
LOAD c:/nxp/mcuxpressoide_10.1.1_606/ide/tools/bin/../lib/gcc/arm-none-eabi/6.3.1/../../../../arm-none-eabi/lib/thumb/v6-m\libcr_c.a
LOAD c:/nxp/mcuxpressoide_10.1.1_606/ide/tools/bin/../lib/gcc/arm-none-eabi/6.3.1/thumb/v6-m\libcr_eabihelpers.a
END GROUP
                0x00000000                __base_PROGRAM_FLASH = 0x0
                0x00000000                __base_Flash = 0x0
                0x00020000                __top_PROGRAM_FLASH = 0x20000
                0x00020000                __top_Flash = 0x20000
                0x1ffff000                __base_SRAM = 0x1ffff000
                0x1ffff000                __base_RAM = 0x1ffff000
                0x20003000                __top_SRAM = 0x20003000
                0x20003000                __top_RAM = 0x20003000

.text           0x00000000     0x5c8c
 FILL mask 0xff
                0x00000000                __vectors_start__ = ABSOLUTE (.)
 *(.isr_vector)
 .isr_vector    0x00000000       0xc0 ./startup/startup_mkl25z4.o
                0x00000000                g_pfnVectors
                0x00000000                __Vectors
                0x000000c0                . = ALIGN (0x4)
                0x000000c0                __section_table_start = .
                0x000000c0                __data_section_table = .
                0x000000c0        0x4 LONG 0x5c8c LOADADDR (.data)
                0x000000c4        0x4 LONG 0x1ffff080 ADDR (.data)
                0x000000c8        0x4 LONG 0xc SIZEOF (.data)
                0x000000cc                __data_section_table_end = .
                0x000000cc                __bss_section_table = .
                0x000000cc        0x4 LONG 0x1ffff08c ADDR (.bss)
                0x000000d0        0x4 LONG 0x104 SIZEOF (.bss)
                0x000000d4                __bss_section_table_end = .
                0x000000d4                __section_table_end = .
 *(.after_vectors*)
 .after_vectors.init_data
                0x000000d4       0x16 ./startup/startup_mkl25z4.o
                0x000000d4                data_init
 .after_vectors.init_bss
                0x000000ea       0x12 ./startup/startup_mkl25z4.o
                0x000000ea                bss_init
 .after_vectors.reset
                0x000000fc       0x4c ./startup/startup_mkl25z4.o
                0x000000fc                ResetISR
 .after_vectors
                0x00000148      0x10c ./startup/startup_mkl25z4.o
                0x00000148                NMI_Handler
                0x0000014c                SVC_Handler
                0x0000014e                PendSV_Handler
                0x00000150                SysTick_Handler
                0x00000152                LPTMR0_DriverIRQHandler
                0x00000152                Reserved39_DriverIRQHandler
                0x00000152                DMA0_DriverIRQHandler
                0x00000152                SPI1_DriverIRQHandler
                0x00000152                I2C0_DriverIRQHandler
                0x00000152                PORTD_DriverIRQHandler
                0x00000152                DMA2_DriverIRQHandler
                0x00000152                CMP0_DriverIRQHandler
                0x00000152                TPM2_DriverIRQHandler
                0x00000152                ADC0_DriverIRQHandler
                0x00000152                SPI0_DriverIRQHandler
                0x00000152                TSI0_DriverIRQHandler
                0x00000152                RTC_Seconds_DriverIRQHandler
                0x00000152                I2C1_DriverIRQHandler
                0x00000152                DMA1_DriverIRQHandler
                0x00000152                LLWU_DriverIRQHandler
                0x00000152                MCG_DriverIRQHandler
                0x00000152                PIT_DriverIRQHandler
                0x00000152                RTC_DriverIRQHandler
                0x00000152                TPM1_DriverIRQHandler
                0x00000152                FTFA_DriverIRQHandler
                0x00000152                IntDefaultHandler
                0x00000152                USB0_DriverIRQHandler
                0x00000152                DAC0_DriverIRQHandler
                0x00000152                PORTA_DriverIRQHandler
                0x00000152                LVD_LVW_DriverIRQHandler
                0x00000152                TPM0_DriverIRQHandler
                0x00000152                Reserved45_DriverIRQHandler
                0x00000152                Reserved20_DriverIRQHandler
                0x00000152                DMA3_DriverIRQHandler
                0x00000154                DMA0_IRQHandler
                0x0000015c                DMA1_IRQHandler
                0x00000164                DMA2_IRQHandler
                0x0000016c                DMA3_IRQHandler
                0x00000174                Reserved20_IRQHandler
                0x0000017c                FTFA_IRQHandler
                0x00000184                LVD_LVW_IRQHandler
                0x0000018c                LLWU_IRQHandler
                0x00000194                I2C0_IRQHandler
                0x0000019c                I2C1_IRQHandler
                0x000001a4                SPI0_IRQHandler
                0x000001ac                SPI1_IRQHandler
                0x000001b4                UART0_IRQHandler
                0x000001bc                UART1_IRQHandler
                0x000001c4                UART2_IRQHandler
                0x000001cc                ADC0_IRQHandler
                0x000001d4                CMP0_IRQHandler
                0x000001dc                TPM0_IRQHandler
                0x000001e4                TPM1_IRQHandler
                0x000001f4                RTC_IRQHandler
                0x000001fc                RTC_Seconds_IRQHandler
                0x00000204                PIT_IRQHandler
                0x0000020c                Reserved39_IRQHandler
                0x00000214                USB0_IRQHandler
                0x0000021c                DAC0_IRQHandler
                0x00000224                TSI0_IRQHandler
                0x0000022c                MCG_IRQHandler
                0x00000234                LPTMR0_IRQHandler
                0x0000023c                Reserved45_IRQHandler
                0x00000244                PORTA_IRQHandler
                0x0000024c                PORTD_IRQHandler
                0x00000400                . = 0x400
 *fill*         0x00000254      0x1ac ff
                0x00000400                PROVIDE (__FLASH_CONFIG_START__, .)
 *(.FlashConfig)
 .FlashConfig   0x00000400       0x10 ./startup/startup_mkl25z4.o
                0x00000400                Flash_Config
                0x00000410                PROVIDE (__FLASH_CONFIG_END__, .)
                0x00000001                ASSERT (! ((__FLASH_CONFIG_START__ == __FLASH_CONFIG_END__)), Linker Flash Config Support Enabled, but no .FlashConfig section provided within application)
 *(.text*)
 .text.UART_EnableTx
                0x00000410       0x40 ./utilities/fsl_debug_console.o
 .text.UART_EnableRx
                0x00000450       0x40 ./utilities/fsl_debug_console.o
 .text.LPSCI_EnableTx
                0x00000490       0x40 ./utilities/fsl_debug_console.o
 .text.LPSCI_EnableRx
                0x000004d0       0x40 ./utilities/fsl_debug_console.o
 .text.DbgConsole_Init
                0x00000510       0xf4 ./utilities/fsl_debug_console.o
                0x00000510                DbgConsole_Init
 .text.HardFault_Handler
                0x00000604       0x2c ./source/semihost_hardfault.o
                0x00000604                HardFault_Handler
 .text.NVIC_EnableIRQ
                0x00000630       0x2c ./source/tpm_timer.o
 .text.CLOCK_SetTpmClock
                0x0000065c       0x38 ./source/tpm_timer.o
 .text.EnableIRQ
                0x00000694       0x2c ./source/tpm_timer.o
 .text.ADC16_EnableHardwareTrigger
                0x000006c0       0x3a ./source/tpm_timer.o
 *fill*         0x000006fa        0x2 ff
 .text.ADC16_GetChannelConversionValue
                0x000006fc       0x30 ./source/tpm_timer.o
 .text.GPIO_SetPinsOutput
                0x0000072c       0x18 ./source/tpm_timer.o
 .text.GPIO_ClearPinsOutput
                0x00000744       0x18 ./source/tpm_timer.o
 .text.GPIO_ReadPinInput
                0x0000075c       0x20 ./source/tpm_timer.o
 .text.TPM_ClearStatusFlags
                0x0000077c       0x18 ./source/tpm_timer.o
 .text.TPM_SetTimerPeriod
                0x00000794       0x18 ./source/tpm_timer.o
 .text.TPM_StartTimer
                0x000007ac       0x3a ./source/tpm_timer.o
 *fill*         0x000007e6        0x2 ff
 .text.main     0x000007e8      0x294 ./source/tpm_timer.o
                0x000007e8                main
 .text.Compare  0x00000a7c       0xd8 ./source/tpm_timer.o
                0x00000a7c                Compare
 .text.Cuenta   0x00000b54       0xcc ./source/tpm_timer.o
                0x00000b54                Cuenta
 .text.Cuenta_Mode
                0x00000c20       0x54 ./source/tpm_timer.o
                0x00000c20                Cuenta_Mode
 .text.Display  0x00000c74       0x8c ./source/tpm_timer.o
                0x00000c74                Display
 .text.multiplexing
                0x00000d00      0x1a8 ./source/tpm_timer.o
                0x00000d00                multiplexing
 .text.Disp_7_seg
                0x00000ea8      0x578 ./source/tpm_timer.o
                0x00000ea8                Disp_7_seg
 .text.MODOS    0x00001420       0xd0 ./source/tpm_timer.o
                0x00001420                MODOS
 .text.ContadorManual
                0x000014f0       0xbc ./source/tpm_timer.o
                0x000014f0                ContadorManual
 .text.ADC      0x000015ac       0xbc ./source/tpm_timer.o
                0x000015ac                ADC
 .text.TPM2_IRQHandler
                0x00001668       0x2c ./source/tpm_timer.o
                0x00001668                TPM2_IRQHandler
 .text.CLOCK_EnableClock
                0x00001694       0x38 ./drivers/fsl_adc16.o
 .text.ADC16_GetInstance
                0x000016cc       0x48 ./drivers/fsl_adc16.o
 .text.ADC16_Init
                0x00001714      0x114 ./drivers/fsl_adc16.o
                0x00001714                ADC16_Init
 .text.ADC16_DoAutoCalibration
                0x00001828      0x11a ./drivers/fsl_adc16.o
                0x00001828                ADC16_DoAutoCalibration
 .text.ADC16_GetStatusFlags
                0x00001942       0x3a ./drivers/fsl_adc16.o
                0x00001942                ADC16_GetStatusFlags
 .text.ADC16_SetChannelConfig
                0x0000197c       0x6c ./drivers/fsl_adc16.o
                0x0000197c                ADC16_SetChannelConfig
 .text.ADC16_GetChannelStatusFlags
                0x000019e8       0x40 ./drivers/fsl_adc16.o
                0x000019e8                ADC16_GetChannelStatusFlags
 .text.CLOCK_SetEr32kClock
                0x00001a28       0x30 ./drivers/fsl_clock.o
 .text.CLOCK_SetPllFllSelClock
                0x00001a58       0x38 ./drivers/fsl_clock.o
 .text.OSC_SetExtRefClkConfig
                0x00001a90       0x48 ./drivers/fsl_clock.o
 .text.OSC_SetCapLoad
                0x00001ad8       0x4c ./drivers/fsl_clock.o
 .text.CLOCK_GetMcgExtClkFreq
                0x00001b24       0x28 ./drivers/fsl_clock.o
 .text.CLOCK_GetFllExtRefClkFreq
                0x00001b4c       0xa4 ./drivers/fsl_clock.o
 .text.CLOCK_GetInternalRefClkSelectFreq
                0x00001bf0       0x40 ./drivers/fsl_clock.o
 .text.CLOCK_GetFllRefClkFreq
                0x00001c30       0x2c ./drivers/fsl_clock.o
 .text.CLOCK_GetPll0RefFreq
                0x00001c5c       0x10 ./drivers/fsl_clock.o
 .text.CLOCK_GetOscRangeFromFreq
                0x00001c6c       0x4c ./drivers/fsl_clock.o
 .text.CLOCK_GetOsc0ErClkFreq
                0x00001cb8       0x3c ./drivers/fsl_clock.o
                0x00001cb8                CLOCK_GetOsc0ErClkFreq
 .text.CLOCK_GetEr32kClkFreq
                0x00001cf4       0x74 ./drivers/fsl_clock.o
                0x00001cf4                CLOCK_GetEr32kClkFreq
 .text.CLOCK_GetPllFllSelClkFreq
                0x00001d68       0x4c ./drivers/fsl_clock.o
                0x00001d68                CLOCK_GetPllFllSelClkFreq
 .text.CLOCK_GetFreq
                0x00001db4       0xe0 ./drivers/fsl_clock.o
                0x00001db4                CLOCK_GetFreq
 .text.CLOCK_SetSimConfig
                0x00001e94       0x38 ./drivers/fsl_clock.o
                0x00001e94                CLOCK_SetSimConfig
 .text.CLOCK_GetOutClkFreq
                0x00001ecc       0x60 ./drivers/fsl_clock.o
                0x00001ecc                CLOCK_GetOutClkFreq
 .text.CLOCK_GetFllFreq
                0x00001f2c       0x84 ./drivers/fsl_clock.o
                0x00001f2c                CLOCK_GetFllFreq
 .text.CLOCK_GetInternalRefClkFreq
                0x00001fb0       0x28 ./drivers/fsl_clock.o
                0x00001fb0                CLOCK_GetInternalRefClkFreq
 .text.CLOCK_GetFixedFreqClkFreq
                0x00001fd8       0x30 ./drivers/fsl_clock.o
                0x00001fd8                CLOCK_GetFixedFreqClkFreq
 .text.CLOCK_GetPll0Freq
                0x00002008       0x70 ./drivers/fsl_clock.o
                0x00002008                CLOCK_GetPll0Freq
 .text.CLOCK_SetExternalRefClkConfig
                0x00002078       0x16 ./drivers/fsl_clock.o
                0x00002078                CLOCK_SetExternalRefClkConfig
 *fill*         0x0000208e        0x2 ff
 .text.CLOCK_SetInternalRefClkConfig
                0x00002090      0x128 ./drivers/fsl_clock.o
                0x00002090                CLOCK_SetInternalRefClkConfig
 .text.CLOCK_EnablePll0
                0x000021b8       0x98 ./drivers/fsl_clock.o
                0x000021b8                CLOCK_EnablePll0
 .text.CLOCK_InitOsc0
                0x00002250       0x98 ./drivers/fsl_clock.o
                0x00002250                CLOCK_InitOsc0
 .text.CLOCK_SetPbeMode
                0x000022e8       0xb0 ./drivers/fsl_clock.o
                0x000022e8                CLOCK_SetPbeMode
 .text.CLOCK_BootToPeeMode
                0x00002398       0x70 ./drivers/fsl_clock.o
                0x00002398                CLOCK_BootToPeeMode
 .text.GPIO_WritePinOutput
                0x00002408       0x34 ./drivers/fsl_gpio.o
 .text.GPIO_PinInit
                0x0000243c       0x64 ./drivers/fsl_gpio.o
                0x0000243c                GPIO_PinInit
 .text.CLOCK_EnableClock
                0x000024a0       0x38 ./drivers/fsl_lpsci.o
 .text.LPSCI_GetInstance
                0x000024d8       0x48 ./drivers/fsl_lpsci.o
                0x000024d8                LPSCI_GetInstance
 .text.LPSCI_Init
                0x00002520      0x270 ./drivers/fsl_lpsci.o
                0x00002520                LPSCI_Init
 .text.LPSCI_GetDefaultConfig
                0x00002790       0x44 ./drivers/fsl_lpsci.o
                0x00002790                LPSCI_GetDefaultConfig
 .text.LPSCI_GetStatusFlags
                0x000027d4       0x26 ./drivers/fsl_lpsci.o
                0x000027d4                LPSCI_GetStatusFlags
 *fill*         0x000027fa        0x2 ff
 .text.LPSCI_ClearStatusFlags
                0x000027fc       0x98 ./drivers/fsl_lpsci.o
                0x000027fc                LPSCI_ClearStatusFlags
 .text.LPSCI_WriteBlocking
                0x00002894       0x4c ./drivers/fsl_lpsci.o
                0x00002894                LPSCI_WriteBlocking
 .text.LPSCI_ReadBlocking
                0x000028e0       0xc0 ./drivers/fsl_lpsci.o
                0x000028e0                LPSCI_ReadBlocking
 .text.UART0_DriverIRQHandler
                0x000029a0       0x24 ./drivers/fsl_lpsci.o
                0x000029a0                UART0_DriverIRQHandler
 .text.CLOCK_EnableClock
                0x000029c4       0x38 ./drivers/fsl_tpm.o
 .text.TPM_GetInstance
                0x000029fc       0x54 ./drivers/fsl_tpm.o
 .text.TPM_Init
                0x00002a50       0xd0 ./drivers/fsl_tpm.o
                0x00002a50                TPM_Init
 .text.TPM_GetDefaultConfig
                0x00002b20       0x54 ./drivers/fsl_tpm.o
                0x00002b20                TPM_GetDefaultConfig
 .text.TPM_EnableInterrupts
                0x00002b74       0x84 ./drivers/fsl_tpm.o
                0x00002b74                TPM_EnableInterrupts
 .text.CLOCK_EnableClock
                0x00002bf8       0x38 ./drivers/fsl_uart.o
 .text.UART_GetInstance
                0x00002c30       0x54 ./drivers/fsl_uart.o
                0x00002c30                UART_GetInstance
 .text.UART_Init
                0x00002c84      0x1fc ./drivers/fsl_uart.o
                0x00002c84                UART_Init
 .text.UART_GetDefaultConfig
                0x00002e80       0x44 ./drivers/fsl_uart.o
                0x00002e80                UART_GetDefaultConfig
 .text.UART_GetStatusFlags
                0x00002ec4       0x26 ./drivers/fsl_uart.o
                0x00002ec4                UART_GetStatusFlags
 .text.UART_WriteBlocking
                0x00002eea       0x3a ./drivers/fsl_uart.o
                0x00002eea                UART_WriteBlocking
 .text.UART_ReadBlocking
                0x00002f24       0x98 ./drivers/fsl_uart.o
                0x00002f24                UART_ReadBlocking
 .text.UART1_DriverIRQHandler
                0x00002fbc       0x24 ./drivers/fsl_uart.o
                0x00002fbc                UART1_DriverIRQHandler
 .text.UART2_DriverIRQHandler
                0x00002fe0       0x24 ./drivers/fsl_uart.o
                0x00002fe0                UART2_DriverIRQHandler
 .text.CLOCK_SetLpsci0Clock
                0x00003004       0x38 ./board/board.o
 .text.BOARD_InitDebugConsole
                0x0000303c       0x30 ./board/board.o
                0x0000303c                BOARD_InitDebugConsole
 .text.CLOCK_SetSimSafeDivs
                0x0000306c       0x20 ./board/clock_config.o
 .text.CLOCK_SetXtal0Freq
                0x0000308c       0x1c ./board/clock_config.o
 .text.CLOCK_CONFIG_SetFllExtRefDiv
                0x000030a8       0x3c ./board/clock_config.o
 .text.BOARD_BootClockRUN
                0x000030e4       0x64 ./board/clock_config.o
                0x000030e4                BOARD_BootClockRUN
 .text.CLOCK_EnableClock
                0x00003148       0x38 ./board/pin_mux.o
 .text.PORT_SetPinMux
                0x00003180       0x40 ./board/pin_mux.o
 .text.BOARD_InitPins
                0x000031c0      0x154 ./board/pin_mux.o
                0x000031c0                BOARD_InitPins
 .text.SystemInit
                0x00003314       0x18 ./CMSIS/system_MKL25Z4.o
                0x00003314                SystemInit
 .text.__main   0x0000332c        0xc c:/nxp/mcuxpressoide_10.1.1_606/ide/tools/bin/../lib/gcc/arm-none-eabi/6.3.1/../../../../arm-none-eabi/lib/thumb/v6-m\libcr_semihost_nf.a(_cr__main.o)
                0x0000332c                __CR_SEMIHOST
                0x0000332c                __main
 .text.__assertion_failed
                0x00003338       0x4c c:/nxp/mcuxpressoide_10.1.1_606/ide/tools/bin/../lib/gcc/arm-none-eabi/6.3.1/../../../../arm-none-eabi/lib/thumb/v6-m\libcr_semihost_nf.a(_cr_assert.o)
                0x00003338                __assertion_failed
 .text.__sys_appexit
                0x00003384        0xc c:/nxp/mcuxpressoide_10.1.1_606/ide/tools/bin/../lib/gcc/arm-none-eabi/6.3.1/../../../../arm-none-eabi/lib/thumb/v6-m\libcr_semihost_nf.a(__sys_appexit.o)
                0x00003384                __sys_appexit
                0x00003384                __exit
 .text.memset   0x00003390        0x8 c:/nxp/mcuxpressoide_10.1.1_606/ide/tools/bin/../lib/gcc/arm-none-eabi/6.3.1/../../../../arm-none-eabi/lib/thumb/v6-m\libcr_c.a(memset.o)
                0x00003390                memset
 .text._deferredlazyseek
                0x00003398       0x40 c:/nxp/mcuxpressoide_10.1.1_606/ide/tools/bin/../lib/gcc/arm-none-eabi/6.3.1/../../../../arm-none-eabi/lib/thumb/v6-m\libcr_c.a(_deferredlazyseek.o)
                0x00003398                _deferredlazyseek
 .text.__flsbuf
                0x000033d8      0x150 c:/nxp/mcuxpressoide_10.1.1_606/ide/tools/bin/../lib/gcc/arm-none-eabi/6.3.1/../../../../arm-none-eabi/lib/thumb/v6-m\libcr_c.a(_deferredlazyseek.o)
                0x000033d8                __flsbuf
 .text._fflush  0x00003528       0x5c c:/nxp/mcuxpressoide_10.1.1_606/ide/tools/bin/../lib/gcc/arm-none-eabi/6.3.1/../../../../arm-none-eabi/lib/thumb/v6-m\libcr_c.a(_fflush.o)
                0x00003528                _fflush
 .text._Cwritebuf
                0x00003584       0x68 c:/nxp/mcuxpressoide_10.1.1_606/ide/tools/bin/../lib/gcc/arm-none-eabi/6.3.1/../../../../arm-none-eabi/lib/thumb/v6-m\libcr_c.a(_writebuf.o)
                0x00003584                _Cwritebuf
 .text.malloc   0x000035ec       0xcc c:/nxp/mcuxpressoide_10.1.1_606/ide/tools/bin/../lib/gcc/arm-none-eabi/6.3.1/../../../../arm-none-eabi/lib/thumb/v6-m\libcr_c.a(alloc.o)
                0x000035ec                malloc
 .text.free     0x000036b8       0x2c c:/nxp/mcuxpressoide_10.1.1_606/ide/tools/bin/../lib/gcc/arm-none-eabi/6.3.1/../../../../arm-none-eabi/lib/thumb/v6-m\libcr_c.a(alloc.o)
                0x000036b8                free
 .text._Csys_alloc
                0x000036e4       0x20 c:/nxp/mcuxpressoide_10.1.1_606/ide/tools/bin/../lib/gcc/arm-none-eabi/6.3.1/../../../../arm-none-eabi/lib/thumb/v6-m\libcr_c.a(alloc.o)
                0x000036e4                _Csys_alloc
 .text.fputs    0x00003704       0x2e c:/nxp/mcuxpressoide_10.1.1_606/ide/tools/bin/../lib/gcc/arm-none-eabi/6.3.1/../../../../arm-none-eabi/lib/thumb/v6-m\libcr_c.a(fputs.o)
                0x00003704                fputs
 *fill*         0x00003732        0x2 ff
 .text.fseek    0x00003734       0xf0 c:/nxp/mcuxpressoide_10.1.1_606/ide/tools/bin/../lib/gcc/arm-none-eabi/6.3.1/../../../../arm-none-eabi/lib/thumb/v6-m\libcr_c.a(fseek.o)
                0x00003734                fseek
 .text.ftell    0x00003824       0x48 c:/nxp/mcuxpressoide_10.1.1_606/ide/tools/bin/../lib/gcc/arm-none-eabi/6.3.1/../../../../arm-none-eabi/lib/thumb/v6-m\libcr_c.a(ftell.o)
                0x00003824                ftell
 .text._initio  0x0000386c       0x7c c:/nxp/mcuxpressoide_10.1.1_606/ide/tools/bin/../lib/gcc/arm-none-eabi/6.3.1/../../../../arm-none-eabi/lib/thumb/v6-m\libcr_c.a(initio.o)
                0x0000386c                _initio
 .text.no_fp_display
                0x000038e8        0x4 c:/nxp/mcuxpressoide_10.1.1_606/ide/tools/bin/../lib/gcc/arm-none-eabi/6.3.1/../../../../arm-none-eabi/lib/thumb/v6-m\libcr_c.a(printf.o)
 .text.__vfprintf
                0x000038ec      0xce0 c:/nxp/mcuxpressoide_10.1.1_606/ide/tools/bin/../lib/gcc/arm-none-eabi/6.3.1/../../../../arm-none-eabi/lib/thumb/v6-m\libcr_c.a(printf.o)
                0x000038ec                __vfprintf
 .text._vsnprintf
                0x000045cc       0x60 c:/nxp/mcuxpressoide_10.1.1_606/ide/tools/bin/../lib/gcc/arm-none-eabi/6.3.1/../../../../arm-none-eabi/lib/thumb/v6-m\libcr_c.a(printf.o)
                0x000045cc                _vsnprintf
 .text._printf  0x0000462c       0x50 c:/nxp/mcuxpressoide_10.1.1_606/ide/tools/bin/../lib/gcc/arm-none-eabi/6.3.1/../../../../arm-none-eabi/lib/thumb/v6-m\libcr_c.a(printf.o)
                0x0000462c                _printf
 .text.setvbuf  0x0000467c       0x48 c:/nxp/mcuxpressoide_10.1.1_606/ide/tools/bin/../lib/gcc/arm-none-eabi/6.3.1/../../../../arm-none-eabi/lib/thumb/v6-m\libcr_c.a(setvbuf.o)
                0x0000467c                setvbuf
 .text.strlen   0x000046c4       0x58 c:/nxp/mcuxpressoide_10.1.1_606/ide/tools/bin/../lib/gcc/arm-none-eabi/6.3.1/../../../../arm-none-eabi/lib/thumb/v6-m\libcr_c.a(strlen.o)
                0x000046c4                strlen
 .text._sbrk    0x0000471c       0x40 c:/nxp/mcuxpressoide_10.1.1_606/ide/tools/bin/../lib/gcc/arm-none-eabi/6.3.1/../../../../arm-none-eabi/lib/thumb/v6-m\libcr_c.a(_cr_sbrk.o)
                0x0000471c                _sbrk
 .text._fdopen  0x0000475c       0x74 c:/nxp/mcuxpressoide_10.1.1_606/ide/tools/bin/../lib/gcc/arm-none-eabi/6.3.1/../../../../arm-none-eabi/lib/thumb/v6-m\libcr_c.a(_fdopen.o)
                0x0000475c                _fdopen
 .text.fclose   0x000047d0       0x5c c:/nxp/mcuxpressoide_10.1.1_606/ide/tools/bin/../lib/gcc/arm-none-eabi/6.3.1/../../../../arm-none-eabi/lib/thumb/v6-m\libcr_c.a(fclose.o)
                0x000047d0                fclose
 .text.fflush   0x0000482c       0x44 c:/nxp/mcuxpressoide_10.1.1_606/ide/tools/bin/../lib/gcc/arm-none-eabi/6.3.1/../../../../arm-none-eabi/lib/thumb/v6-m\libcr_c.a(fflush.o)
                0x0000482c                fflush
 .text.remove   0x00004870       0x12 c:/nxp/mcuxpressoide_10.1.1_606/ide/tools/bin/../lib/gcc/arm-none-eabi/6.3.1/../../../../arm-none-eabi/lib/thumb/v6-m\libcr_c.a(remove.o)
                0x00004870                remove
 *fill*         0x00004882        0x2 ff
 .text.__check_heap_overflow
                0x00004884       0x18 c:/nxp/mcuxpressoide_10.1.1_606/ide/tools/bin/../lib/gcc/arm-none-eabi/6.3.1/../../../../arm-none-eabi/lib/thumb/v6-m\libcr_c.a(_cr_check_heap.o)
                0x00004884                __check_heap_overflow
 .text._do_fflush
                0x0000489c       0x44 c:/nxp/mcuxpressoide_10.1.1_606/ide/tools/bin/../lib/gcc/arm-none-eabi/6.3.1/../../../../arm-none-eabi/lib/thumb/v6-m\libcr_c.a(_do_fflush.o)
                0x0000489c                _do_fflush
 .text.__aeabi_division_idivmod
                0x000048e0       0x78 c:/nxp/mcuxpressoide_10.1.1_606/ide/tools/bin/../lib/gcc/arm-none-eabi/6.3.1/thumb/v6-m\libcr_eabihelpers.a(division_32.o)
                0x000048e0                __aeabi_idivmod
                0x000048e0                __aeabi_idiv
                0x000048e6                __aeabi_uidivmod
                0x000048e6                __aeabi_uidiv
 .text.__aeabi_division_uldivmod
                0x00004958       0x5a c:/nxp/mcuxpressoide_10.1.1_606/ide/tools/bin/../lib/gcc/arm-none-eabi/6.3.1/thumb/v6-m\libcr_eabihelpers.a(division_64.o)
                0x00004958                __aeabi_uldivmod
 .text.__aeabi_division_idiv0
                0x000049b2        0x2 c:/nxp/mcuxpressoide_10.1.1_606/ide/tools/bin/../lib/gcc/arm-none-eabi/6.3.1/thumb/v6-m\libcr_eabihelpers.a(division_idiv0.o)
                0x000049b2                __aeabi_idiv0
 .text.__aeabi_dmul
                0x000049b4      0x180 c:/nxp/mcuxpressoide_10.1.1_606/ide/tools/bin/../lib/gcc/arm-none-eabi/6.3.1/thumb/v6-m\libcr_eabihelpers.a(double.o)
                0x000049b4                __aeabi_dmul
 .text.__aeabi_d2uiz
                0x00004b34       0x34 c:/nxp/mcuxpressoide_10.1.1_606/ide/tools/bin/../lib/gcc/arm-none-eabi/6.3.1/thumb/v6-m\libcr_eabihelpers.a(double.o)
                0x00004b34                __aeabi_d2uiz
 .text.__bhs_ui2d
                0x00004b68       0x5e c:/nxp/mcuxpressoide_10.1.1_606/ide/tools/bin/../lib/gcc/arm-none-eabi/6.3.1/thumb/v6-m\libcr_eabihelpers.a(double.o)
                0x00004b68                __bhs_ui2d
 .text.__aeabi_ui2d
                0x00004bc6        0xc c:/nxp/mcuxpressoide_10.1.1_606/ide/tools/bin/../lib/gcc/arm-none-eabi/6.3.1/thumb/v6-m\libcr_eabihelpers.a(double.o)
                0x00004bc6                __aeabi_ui2d
 .text.__aeabi_llong_lmul
                0x00004bd2       0x2e c:/nxp/mcuxpressoide_10.1.1_606/ide/tools/bin/../lib/gcc/arm-none-eabi/6.3.1/thumb/v6-m\libcr_eabihelpers.a(llong.o)
                0x00004bd2                __aeabi_lmul
 .text.__aeabi_memset_lowlevel
                0x00004c00       0x2a c:/nxp/mcuxpressoide_10.1.1_606/ide/tools/bin/../lib/gcc/arm-none-eabi/6.3.1/thumb/v6-m\libcr_eabihelpers.a(memcpy.o)
                0x00004c00                __aeabi_lowlevel_memset
 .text.__sys_close
                0x00004c2a        0xc c:/nxp/mcuxpressoide_10.1.1_606/ide/tools/bin/../lib/gcc/arm-none-eabi/6.3.1/../../../../arm-none-eabi/lib/thumb/v6-m\libcr_semihost_nf.a(__sys_close.o)
                0x00004c2a                __sys_close
 .text.__sys_flen
                0x00004c36        0xc c:/nxp/mcuxpressoide_10.1.1_606/ide/tools/bin/../lib/gcc/arm-none-eabi/6.3.1/../../../../arm-none-eabi/lib/thumb/v6-m\libcr_semihost_nf.a(__sys_flen.o)
                0x00004c36                __sys_flen
 .text.__sys_istty
                0x00004c42        0xc c:/nxp/mcuxpressoide_10.1.1_606/ide/tools/bin/../lib/gcc/arm-none-eabi/6.3.1/../../../../arm-none-eabi/lib/thumb/v6-m\libcr_semihost_nf.a(__sys_istty.o)
                0x00004c42                __sys_istty
 .text.__sys_remove
                0x00004c4e        0xc c:/nxp/mcuxpressoide_10.1.1_606/ide/tools/bin/../lib/gcc/arm-none-eabi/6.3.1/../../../../arm-none-eabi/lib/thumb/v6-m\libcr_semihost_nf.a(__sys_remove.o)
                0x00004c4e                __sys_remove
 .text.__sys_seek
                0x00004c5a        0xc c:/nxp/mcuxpressoide_10.1.1_606/ide/tools/bin/../lib/gcc/arm-none-eabi/6.3.1/../../../../arm-none-eabi/lib/thumb/v6-m\libcr_semihost_nf.a(__sys_seek.o)
                0x00004c5a                __sys_seek
 .text.__sys_tmpnam
                0x00004c66        0xc c:/nxp/mcuxpressoide_10.1.1_606/ide/tools/bin/../lib/gcc/arm-none-eabi/6.3.1/../../../../arm-none-eabi/lib/thumb/v6-m\libcr_semihost_nf.a(__sys_tmpnam.o)
                0x00004c66                __sys_tmpnam
 .text.__sys_write
                0x00004c72        0xc c:/nxp/mcuxpressoide_10.1.1_606/ide/tools/bin/../lib/gcc/arm-none-eabi/6.3.1/../../../../arm-none-eabi/lib/thumb/v6-m\libcr_semihost_nf.a(__sys_write.o)
                0x00004c72                __sys_write
 *(.rodata .rodata.* .constdata .constdata.*)
 *fill*         0x00004c7e        0x2 ff
 .rodata        0x00004c80       0xd8 ./source/tpm_timer.o
 .rodata        0x00004d58      0x13a ./drivers/fsl_adc16.o
 *fill*         0x00004e92        0x2 ff
 .rodata        0x00004e94      0x11d ./drivers/fsl_clock.o
 *fill*         0x00004fb1        0x3 ff
 .rodata.CLOCK_GetFreq
                0x00004fb4       0x38 ./drivers/fsl_clock.o
 .rodata.fllFactorTable.5202
                0x00004fec       0x10 ./drivers/fsl_clock.o
 .rodata        0x00004ffc       0x62 ./drivers/fsl_gpio.o
 *fill*         0x0000505e        0x2 ff
 .rodata        0x00005060      0x48c ./drivers/fsl_lpsci.o
 .rodata.s_tpmBases
                0x000054ec        0xc ./drivers/fsl_tpm.o
 .rodata.s_tpmClocks
                0x000054f8        0xc ./drivers/fsl_tpm.o
 .rodata        0x00005504      0x287 ./drivers/fsl_tpm.o
 *fill*         0x0000578b        0x1 ff
 .rodata.s_uartBases
                0x0000578c        0xc ./drivers/fsl_uart.o
 .rodata.s_uartClock
                0x00005798        0xc ./drivers/fsl_uart.o
 .rodata        0x000057a4      0x45b ./drivers/fsl_uart.o
 *fill*         0x00005bff        0x1 ff
 .rodata.mcgConfig_BOARD_BootClockRUN
                0x00005c00        0xa ./board/clock_config.o
                0x00005c00                mcgConfig_BOARD_BootClockRUN
 *fill*         0x00005c0a        0x2 ff
 .rodata.simConfig_BOARD_BootClockRUN
                0x00005c0c        0x8 ./board/clock_config.o
                0x00005c0c                simConfig_BOARD_BootClockRUN
 .rodata.oscConfig_BOARD_BootClockRUN
                0x00005c14        0x8 ./board/clock_config.o
                0x00005c14                oscConfig_BOARD_BootClockRUN
 .rodata.__assertion_failed.str1.1
                0x00005c1c       0x15 c:/nxp/mcuxpressoide_10.1.1_606/ide/tools/bin/../lib/gcc/arm-none-eabi/6.3.1/../../../../arm-none-eabi/lib/thumb/v6-m\libcr_semihost_nf.a(_cr_assert.o)
 *fill*         0x00005c31        0x3 ff
 .rodata.__num_Ciob_streams
                0x00005c34        0x4 c:/nxp/mcuxpressoide_10.1.1_606/ide/tools/bin/../lib/gcc/arm-none-eabi/6.3.1/../../../../arm-none-eabi/lib/thumb/v6-m\libcr_semihost_nf.a(__ciob.o)
                0x00005c34                __num_Ciob_streams
 .rodata._Csys_alloc.str1.1
                0x00005c38       0x18 c:/nxp/mcuxpressoide_10.1.1_606/ide/tools/bin/../lib/gcc/arm-none-eabi/6.3.1/../../../../arm-none-eabi/lib/thumb/v6-m\libcr_c.a(alloc.o)
 .rodata._initio.str1.1
                0x00005c50        0x4 c:/nxp/mcuxpressoide_10.1.1_606/ide/tools/bin/../lib/gcc/arm-none-eabi/6.3.1/../../../../arm-none-eabi/lib/thumb/v6-m\libcr_c.a(initio.o)
 .rodata.__vfprintf.str1.1
                0x00005c54       0x35 c:/nxp/mcuxpressoide_10.1.1_606/ide/tools/bin/../lib/gcc/arm-none-eabi/6.3.1/../../../../arm-none-eabi/lib/thumb/v6-m\libcr_c.a(printf.o)
                                 0x38 (size before relaxing)
                0x00005c8c                . = ALIGN (0x4)
 *fill*         0x00005c89        0x3 ff

.glue_7         0x00005c8c        0x0
 .glue_7        0x00005c8c        0x0 linker stubs

.glue_7t        0x00005c8c        0x0
 .glue_7t       0x00005c8c        0x0 linker stubs

.vfp11_veneer   0x00005c8c        0x0
 .vfp11_veneer  0x00005c8c        0x0 linker stubs

.v4_bx          0x00005c8c        0x0
 .v4_bx         0x00005c8c        0x0 linker stubs

.iplt           0x00005c8c        0x0
 .iplt          0x00005c8c        0x0 ./utilities/fsl_debug_console.o

.rel.dyn        0x00005c8c        0x0
 .rel.iplt      0x00005c8c        0x0 ./utilities/fsl_debug_console.o

.ARM.extab
 *(.ARM.extab* .gnu.linkonce.armextab.*)
                0x00005c8c                __exidx_start = .

.ARM.exidx
 *(.ARM.exidx* .gnu.linkonce.armexidx.*)
                0x00005c8c                __exidx_end = .
                0x00005c8c                _etext = .

.m_usb_data
 *(m_usb_bdt)

.mtb_buffer_default
                0x1ffff000       0x80
 *(.mtb*)
 .mtb.$RAM1     0x1ffff000       0x80 ./source/mtb.o
                0x1ffff000                __mtb_buffer__

.uninit_RESERVED
                0x1ffff080        0x0
 *(.bss.$RESERVED*)
                0x1ffff080                . = ALIGN (0x4)
                0x1ffff080                _end_uninit_RESERVED = .

.data           0x1ffff080        0xc load address 0x00005c8c
 FILL mask 0xff
                0x1ffff080                _data = .
 *(vtable)
 *(.ramfunc*)
 *(.data*)
 .data.s_slowIrcFreq
                0x1ffff080        0x4 ./drivers/fsl_clock.o
 .data.s_fastIrcFreq
                0x1ffff084        0x4 ./drivers/fsl_clock.o
 .data.SystemCoreClock
                0x1ffff088        0x4 ./CMSIS/system_MKL25Z4.o
                0x1ffff088                SystemCoreClock
                0x1ffff08c                . = ALIGN (0x4)
                0x1ffff08c                _edata = .

.igot.plt       0x1ffff08c        0x0 load address 0x00005c98
 .igot.plt      0x1ffff08c        0x0 ./utilities/fsl_debug_console.o

.bss            0x1ffff08c      0x104 load address 0x00005c98
                0x1ffff08c                _bss = .
 *(.bss*)
 .bss.s_debugConsole
                0x1ffff08c       0x10 ./utilities/fsl_debug_console.o
 .bss.rbi_tpmIsrFlag
                0x1ffff09c        0x1 ./source/tpm_timer.o
                0x1ffff09c                rbi_tpmIsrFlag
 *fill*         0x1ffff09d        0x3 
 .bss.rsl_milisecondCounts
                0x1ffff0a0        0x4 ./source/tpm_timer.o
                0x1ffff0a0                rsl_milisecondCounts
 .bss.rsb_SecondCount
                0x1ffff0a4        0x1 ./source/tpm_timer.o
                0x1ffff0a4                rsb_SecondCount
 .bss.rsb_DecadeSecondCount
                0x1ffff0a5        0x1 ./source/tpm_timer.o
                0x1ffff0a5                rsb_DecadeSecondCount
 .bss.rsb_HundredSecondCount
                0x1ffff0a6        0x1 ./source/tpm_timer.o
                0x1ffff0a6                rsb_HundredSecondCount
 .bss.rsb_Type_Mode
                0x1ffff0a7        0x1 ./source/tpm_timer.o
                0x1ffff0a7                rsb_Type_Mode
 .bss.rsb_Digito_unidad
                0x1ffff0a8        0x1 ./source/tpm_timer.o
                0x1ffff0a8                rsb_Digito_unidad
 .bss.rsb_Digito_decena
                0x1ffff0a9        0x1 ./source/tpm_timer.o
                0x1ffff0a9                rsb_Digito_decena
 .bss.rsb_Digito_centena
                0x1ffff0aa        0x1 ./source/tpm_timer.o
                0x1ffff0aa                rsb_Digito_centena
 *fill*         0x1ffff0ab        0x1 
 .bss.rsl_valor
                0x1ffff0ac        0x4 ./source/tpm_timer.o
                0x1ffff0ac                rsl_valor
 .bss.g_xtal0Freq
                0x1ffff0b0        0x4 ./drivers/fsl_clock.o
                0x1ffff0b0                g_xtal0Freq
 .bss.g_xtal32Freq
                0x1ffff0b4        0x4 ./drivers/fsl_clock.o
                0x1ffff0b4                g_xtal32Freq
 .bss.s_lpsciHandle
                0x1ffff0b8        0x4 ./drivers/fsl_lpsci.o
 .bss.s_lpsciIsr
                0x1ffff0bc        0x4 ./drivers/fsl_lpsci.o
 .bss.s_uartHandle
                0x1ffff0c0        0xc ./drivers/fsl_uart.o
 .bss.s_uartIsr
                0x1ffff0cc        0x4 ./drivers/fsl_uart.o
 .bss.__Ciob    0x1ffff0d0       0xb4 c:/nxp/mcuxpressoide_10.1.1_606/ide/tools/bin/../lib/gcc/arm-none-eabi/6.3.1/../../../../arm-none-eabi/lib/thumb/v6-m\libcr_semihost_nf.a(__ciob.o)
                0x1ffff0d0                __Ciob
 .bss.__end_of_heap
                0x1ffff184        0x4 c:/nxp/mcuxpressoide_10.1.1_606/ide/tools/bin/../lib/gcc/arm-none-eabi/6.3.1/../../../../arm-none-eabi/lib/thumb/v6-m\libcr_c.a(__init_alloc.o)
                0x1ffff184                __end_of_heap
 .bss.__heaps   0x1ffff188        0x4 c:/nxp/mcuxpressoide_10.1.1_606/ide/tools/bin/../lib/gcc/arm-none-eabi/6.3.1/../../../../arm-none-eabi/lib/thumb/v6-m\libcr_c.a(__init_alloc.o)
                0x1ffff188                __heaps
 .bss.errno     0x1ffff18c        0x4 c:/nxp/mcuxpressoide_10.1.1_606/ide/tools/bin/../lib/gcc/arm-none-eabi/6.3.1/../../../../arm-none-eabi/lib/thumb/v6-m\libcr_c.a(errno.o)
                0x1ffff18c                errno
 *(COMMON)
                0x1ffff190                . = ALIGN (0x4)
                0x1ffff190                _ebss = .
                [!provide]                PROVIDE (end, .)

.noinit         0x1ffff190        0x0 load address 0x00005c98
                0x1ffff190                _noinit = .
 *(.noinit*)
                0x1ffff190                . = ALIGN (0x4)
                0x1ffff190                _end_noinit = .
                0x00000400                _HeapSize = 0x400

.heap           0x1ffff190      0x400 load address 0x00005c98
                0x1ffff190                _pvHeapStart = .
                0x1ffff590                . = (. + _HeapSize)
 *fill*         0x1ffff190      0x400 
                0x1ffff590                . = ALIGN (0x4)
                0x1ffff590                _pvHeapLimit = .
                0x00000400                _StackSize = 0x400

.heap2stackfill
                0x1ffff590      0x400 load address 0x00005c98
                0x1ffff990                . = (. + _StackSize)
 *fill*         0x1ffff590      0x400 

.stack          0x20002c00        0x0
                0x20002c00                _vStackBase = .
                0x20002c00                . = ALIGN (0x4)
                0x20003000                _vStackTop = (. + _StackSize)
                0x00000000                _image_start = LOADADDR (.text)
                0x00005c98                _image_end = (LOADADDR (.data) + SIZEOF (.data))
                0x00005c98                _image_size = (_image_end - _image_start)
OUTPUT(frdmkl25z_driver_examples_tpm_timer.axf elf32-littlearm)

.debug_info     0x00000000     0x9d11
 .debug_info    0x00000000      0x95d ./utilities/fsl_debug_console.o
 .debug_info    0x0000095d      0x49e ./startup/startup_mkl25z4.o
 .debug_info    0x00000dfb       0x4d ./source/mtb.o
 .debug_info    0x00000e48       0x37 ./source/semihost_hardfault.o
 .debug_info    0x00000e7f     0x160d ./source/tpm_timer.o
 .debug_info    0x0000248c      0xc10 ./drivers/fsl_adc16.o
 .debug_info    0x0000309c     0x194f ./drivers/fsl_clock.o
 .debug_info    0x000049eb      0x533 ./drivers/fsl_gpio.o
 .debug_info    0x00004f1e     0x1385 ./drivers/fsl_lpsci.o
 .debug_info    0x000062a3      0xbf0 ./drivers/fsl_tpm.o
 .debug_info    0x00006e93     0x132f ./drivers/fsl_uart.o
 .debug_info    0x000081c2      0x793 ./board/board.o
 .debug_info    0x00008955      0xa61 ./board/clock_config.o
 .debug_info    0x000093b6      0x55a ./board/pin_mux.o
 .debug_info    0x00009910      0x401 ./CMSIS/system_MKL25Z4.o

.debug_abbrev   0x00000000     0x1be8
 .debug_abbrev  0x00000000      0x1ee ./utilities/fsl_debug_console.o
 .debug_abbrev  0x000001ee      0x16a ./startup/startup_mkl25z4.o
 .debug_abbrev  0x00000358       0x3e ./source/mtb.o
 .debug_abbrev  0x00000396       0x2c ./source/semihost_hardfault.o
 .debug_abbrev  0x000003c2      0x2e7 ./source/tpm_timer.o
 .debug_abbrev  0x000006a9      0x267 ./drivers/fsl_adc16.o
 .debug_abbrev  0x00000910      0x322 ./drivers/fsl_clock.o
 .debug_abbrev  0x00000c32      0x191 ./drivers/fsl_gpio.o
 .debug_abbrev  0x00000dc3      0x2c6 ./drivers/fsl_lpsci.o
 .debug_abbrev  0x00001089      0x249 ./drivers/fsl_tpm.o
 .debug_abbrev  0x000012d2      0x2de ./drivers/fsl_uart.o
 .debug_abbrev  0x000015b0      0x180 ./board/board.o
 .debug_abbrev  0x00001730      0x1ed ./board/clock_config.o
 .debug_abbrev  0x0000191d      0x192 ./board/pin_mux.o
 .debug_abbrev  0x00001aaf      0x139 ./CMSIS/system_MKL25Z4.o

.debug_aranges  0x00000000      0x8e8
 .debug_aranges
                0x00000000       0x48 ./utilities/fsl_debug_console.o
 .debug_aranges
                0x00000048      0x160 ./startup/startup_mkl25z4.o
 .debug_aranges
                0x000001a8       0x18 ./source/mtb.o
 .debug_aranges
                0x000001c0       0x20 ./source/semihost_hardfault.o
 .debug_aranges
                0x000001e0       0xc8 ./source/tpm_timer.o
 .debug_aranges
                0x000002a8       0x88 ./drivers/fsl_adc16.o
 .debug_aranges
                0x00000330      0x1d8 ./drivers/fsl_clock.o
 .debug_aranges
                0x00000508       0x40 ./drivers/fsl_gpio.o
 .debug_aranges
                0x00000548      0x118 ./drivers/fsl_lpsci.o
 .debug_aranges
                0x00000660       0x88 ./drivers/fsl_tpm.o
 .debug_aranges
                0x000006e8      0x130 ./drivers/fsl_uart.o
 .debug_aranges
                0x00000818       0x28 ./board/board.o
 .debug_aranges
                0x00000840       0x50 ./board/clock_config.o
 .debug_aranges
                0x00000890       0x30 ./board/pin_mux.o
 .debug_aranges
                0x000008c0       0x28 ./CMSIS/system_MKL25Z4.o

.debug_ranges   0x00000000      0x7f0
 .debug_ranges  0x00000000       0x38 ./utilities/fsl_debug_console.o
 .debug_ranges  0x00000038      0x150 ./startup/startup_mkl25z4.o
 .debug_ranges  0x00000188       0x10 ./source/semihost_hardfault.o
 .debug_ranges  0x00000198       0xb8 ./source/tpm_timer.o
 .debug_ranges  0x00000250       0x78 ./drivers/fsl_adc16.o
 .debug_ranges  0x000002c8      0x1c8 ./drivers/fsl_clock.o
 .debug_ranges  0x00000490       0x30 ./drivers/fsl_gpio.o
 .debug_ranges  0x000004c0      0x108 ./drivers/fsl_lpsci.o
 .debug_ranges  0x000005c8       0x78 ./drivers/fsl_tpm.o
 .debug_ranges  0x00000640      0x120 ./drivers/fsl_uart.o
 .debug_ranges  0x00000760       0x18 ./board/board.o
 .debug_ranges  0x00000778       0x40 ./board/clock_config.o
 .debug_ranges  0x000007b8       0x20 ./board/pin_mux.o
 .debug_ranges  0x000007d8       0x18 ./CMSIS/system_MKL25Z4.o

.debug_line     0x00000000     0x32c2
 .debug_line    0x00000000      0x2af ./utilities/fsl_debug_console.o
 .debug_line    0x000002af      0x128 ./startup/startup_mkl25z4.o
 .debug_line    0x000003d7       0x30 ./source/mtb.o
 .debug_line    0x00000407       0x54 ./source/semihost_hardfault.o
 .debug_line    0x0000045b      0x607 ./source/tpm_timer.o
 .debug_line    0x00000a62      0x33c ./drivers/fsl_adc16.o
 .debug_line    0x00000d9e      0x913 ./drivers/fsl_clock.o
 .debug_line    0x000016b1      0x203 ./drivers/fsl_gpio.o
 .debug_line    0x000018b4      0x6c9 ./drivers/fsl_lpsci.o
 .debug_line    0x00001f7d      0x489 ./drivers/fsl_tpm.o
 .debug_line    0x00002406      0x6cc ./drivers/fsl_uart.o
 .debug_line    0x00002ad2      0x1fa ./board/board.o
 .debug_line    0x00002ccc      0x289 ./board/clock_config.o
 .debug_line    0x00002f55      0x21c ./board/pin_mux.o
 .debug_line    0x00003171      0x151 ./CMSIS/system_MKL25Z4.o

.debug_str      0x00000000     0x4dda
 .debug_str     0x00000000      0xb01 ./utilities/fsl_debug_console.o
                                0xb77 (size before relaxing)
 .debug_str     0x00000b01      0x394 ./startup/startup_mkl25z4.o
                                0x4d6 (size before relaxing)
 .debug_str     0x00000e95       0x1f ./source/mtb.o
                                0x153 (size before relaxing)
 .debug_str     0x00000eb4       0x1f ./source/semihost_hardfault.o
                                0x157 (size before relaxing)
 .debug_str     0x00000ed3     0x14e1 ./source/tpm_timer.o
                               0x1d36 (size before relaxing)
 .debug_str     0x000023b4      0x56c ./drivers/fsl_adc16.o
                               0x125f (size before relaxing)
 .debug_str     0x00002920      0xa64 ./drivers/fsl_clock.o
                               0x1801 (size before relaxing)
 .debug_str     0x00003384       0xc3 ./drivers/fsl_gpio.o
                                0x828 (size before relaxing)
 .debug_str     0x00003447      0x962 ./drivers/fsl_lpsci.o
                               0x15c9 (size before relaxing)
 .debug_str     0x00003da9      0x429 ./drivers/fsl_tpm.o
                               0x1198 (size before relaxing)
 .debug_str     0x000041d2      0x819 ./drivers/fsl_uart.o
                               0x15d5 (size before relaxing)
 .debug_str     0x000049eb       0x4c ./board/board.o
                                0x754 (size before relaxing)
 .debug_str     0x00004a37      0x222 ./board/clock_config.o
                                0xdd3 (size before relaxing)
 .debug_str     0x00004c59      0x13a ./board/pin_mux.o
                                0x5de (size before relaxing)
 .debug_str     0x00004d93       0x47 ./CMSIS/system_MKL25Z4.o
                                0x342 (size before relaxing)

.comment        0x00000000       0x7f
 .comment       0x00000000       0x7f ./utilities/fsl_debug_console.o
                                 0x80 (size before relaxing)
 .comment       0x0000007f       0x80 ./startup/startup_mkl25z4.o
 .comment       0x0000007f       0x80 ./source/mtb.o
 .comment       0x0000007f       0x80 ./source/semihost_hardfault.o
 .comment       0x0000007f       0x80 ./source/tpm_timer.o
 .comment       0x0000007f       0x80 ./drivers/fsl_adc16.o
 .comment       0x0000007f       0x80 ./drivers/fsl_clock.o
 .comment       0x0000007f       0x80 ./drivers/fsl_gpio.o
 .comment       0x0000007f       0x80 ./drivers/fsl_lpsci.o
 .comment       0x0000007f       0x80 ./drivers/fsl_tpm.o
 .comment       0x0000007f       0x80 ./drivers/fsl_uart.o
 .comment       0x0000007f       0x80 ./board/board.o
 .comment       0x0000007f       0x80 ./board/clock_config.o
 .comment       0x0000007f       0x80 ./board/pin_mux.o
 .comment       0x0000007f       0x80 ./CMSIS/system_MKL25Z4.o
 .comment       0x0000007f       0x80 c:/nxp/mcuxpressoide_10.1.1_606/ide/tools/bin/../lib/gcc/arm-none-eabi/6.3.1/../../../../arm-none-eabi/lib/thumb/v6-m\libcr_semihost_nf.a(_cr__main.o)
 .comment       0x0000007f       0x80 c:/nxp/mcuxpressoide_10.1.1_606/ide/tools/bin/../lib/gcc/arm-none-eabi/6.3.1/../../../../arm-none-eabi/lib/thumb/v6-m\libcr_semihost_nf.a(_cr_assert.o)
 .comment       0x0000007f       0x80 c:/nxp/mcuxpressoide_10.1.1_606/ide/tools/bin/../lib/gcc/arm-none-eabi/6.3.1/../../../../arm-none-eabi/lib/thumb/v6-m\libcr_semihost_nf.a(__ciob.o)
 .comment       0x0000007f       0x80 c:/nxp/mcuxpressoide_10.1.1_606/ide/tools/bin/../lib/gcc/arm-none-eabi/6.3.1/../../../../arm-none-eabi/lib/thumb/v6-m\libcr_c.a(memset.o)
 .comment       0x0000007f       0x80 c:/nxp/mcuxpressoide_10.1.1_606/ide/tools/bin/../lib/gcc/arm-none-eabi/6.3.1/../../../../arm-none-eabi/lib/thumb/v6-m\libcr_c.a(_deferredlazyseek.o)
 .comment       0x0000007f       0x80 c:/nxp/mcuxpressoide_10.1.1_606/ide/tools/bin/../lib/gcc/arm-none-eabi/6.3.1/../../../../arm-none-eabi/lib/thumb/v6-m\libcr_c.a(_fflush.o)
 .comment       0x0000007f       0x80 c:/nxp/mcuxpressoide_10.1.1_606/ide/tools/bin/../lib/gcc/arm-none-eabi/6.3.1/../../../../arm-none-eabi/lib/thumb/v6-m\libcr_c.a(_writebuf.o)
 .comment       0x0000007f       0x80 c:/nxp/mcuxpressoide_10.1.1_606/ide/tools/bin/../lib/gcc/arm-none-eabi/6.3.1/../../../../arm-none-eabi/lib/thumb/v6-m\libcr_c.a(alloc.o)
 .comment       0x0000007f       0x80 c:/nxp/mcuxpressoide_10.1.1_606/ide/tools/bin/../lib/gcc/arm-none-eabi/6.3.1/../../../../arm-none-eabi/lib/thumb/v6-m\libcr_c.a(fputs.o)
 .comment       0x0000007f       0x80 c:/nxp/mcuxpressoide_10.1.1_606/ide/tools/bin/../lib/gcc/arm-none-eabi/6.3.1/../../../../arm-none-eabi/lib/thumb/v6-m\libcr_c.a(fseek.o)
 .comment       0x0000007f       0x80 c:/nxp/mcuxpressoide_10.1.1_606/ide/tools/bin/../lib/gcc/arm-none-eabi/6.3.1/../../../../arm-none-eabi/lib/thumb/v6-m\libcr_c.a(ftell.o)
 .comment       0x0000007f       0x80 c:/nxp/mcuxpressoide_10.1.1_606/ide/tools/bin/../lib/gcc/arm-none-eabi/6.3.1/../../../../arm-none-eabi/lib/thumb/v6-m\libcr_c.a(initio.o)
 .comment       0x0000007f       0x80 c:/nxp/mcuxpressoide_10.1.1_606/ide/tools/bin/../lib/gcc/arm-none-eabi/6.3.1/../../../../arm-none-eabi/lib/thumb/v6-m\libcr_c.a(printf.o)
 .comment       0x0000007f       0x80 c:/nxp/mcuxpressoide_10.1.1_606/ide/tools/bin/../lib/gcc/arm-none-eabi/6.3.1/../../../../arm-none-eabi/lib/thumb/v6-m\libcr_c.a(setvbuf.o)
 .comment       0x0000007f       0x80 c:/nxp/mcuxpressoide_10.1.1_606/ide/tools/bin/../lib/gcc/arm-none-eabi/6.3.1/../../../../arm-none-eabi/lib/thumb/v6-m\libcr_c.a(strlen.o)
 .comment       0x0000007f       0x80 c:/nxp/mcuxpressoide_10.1.1_606/ide/tools/bin/../lib/gcc/arm-none-eabi/6.3.1/../../../../arm-none-eabi/lib/thumb/v6-m\libcr_c.a(__init_alloc.o)
 .comment       0x0000007f       0x80 c:/nxp/mcuxpressoide_10.1.1_606/ide/tools/bin/../lib/gcc/arm-none-eabi/6.3.1/../../../../arm-none-eabi/lib/thumb/v6-m\libcr_c.a(_cr_sbrk.o)
 .comment       0x0000007f       0x80 c:/nxp/mcuxpressoide_10.1.1_606/ide/tools/bin/../lib/gcc/arm-none-eabi/6.3.1/../../../../arm-none-eabi/lib/thumb/v6-m\libcr_c.a(_fdopen.o)
 .comment       0x0000007f       0x80 c:/nxp/mcuxpressoide_10.1.1_606/ide/tools/bin/../lib/gcc/arm-none-eabi/6.3.1/../../../../arm-none-eabi/lib/thumb/v6-m\libcr_c.a(errno.o)
 .comment       0x0000007f       0x80 c:/nxp/mcuxpressoide_10.1.1_606/ide/tools/bin/../lib/gcc/arm-none-eabi/6.3.1/../../../../arm-none-eabi/lib/thumb/v6-m\libcr_c.a(fclose.o)
 .comment       0x0000007f       0x80 c:/nxp/mcuxpressoide_10.1.1_606/ide/tools/bin/../lib/gcc/arm-none-eabi/6.3.1/../../../../arm-none-eabi/lib/thumb/v6-m\libcr_c.a(fflush.o)
 .comment       0x0000007f       0x80 c:/nxp/mcuxpressoide_10.1.1_606/ide/tools/bin/../lib/gcc/arm-none-eabi/6.3.1/../../../../arm-none-eabi/lib/thumb/v6-m\libcr_c.a(remove.o)
 .comment       0x0000007f       0x80 c:/nxp/mcuxpressoide_10.1.1_606/ide/tools/bin/../lib/gcc/arm-none-eabi/6.3.1/../../../../arm-none-eabi/lib/thumb/v6-m\libcr_c.a(_cr_check_heap.o)
 .comment       0x0000007f       0x80 c:/nxp/mcuxpressoide_10.1.1_606/ide/tools/bin/../lib/gcc/arm-none-eabi/6.3.1/../../../../arm-none-eabi/lib/thumb/v6-m\libcr_c.a(_do_fflush.o)
 .comment       0x0000007f       0x80 c:/nxp/mcuxpressoide_10.1.1_606/ide/tools/bin/../lib/gcc/arm-none-eabi/6.3.1/thumb/v6-m\libcr_eabihelpers.a(double.o)

.ARM.attributes
                0x00000000       0x30
 .ARM.attributes
                0x00000000       0x32 ./utilities/fsl_debug_console.o
 .ARM.attributes
                0x00000032       0x32 ./startup/startup_mkl25z4.o
 .ARM.attributes
                0x00000064       0x32 ./source/mtb.o
 .ARM.attributes
                0x00000096       0x32 ./source/semihost_hardfault.o
 .ARM.attributes
                0x000000c8       0x32 ./source/tpm_timer.o
 .ARM.attributes
                0x000000fa       0x32 ./drivers/fsl_adc16.o
 .ARM.attributes
                0x0000012c       0x32 ./drivers/fsl_clock.o
 .ARM.attributes
                0x0000015e       0x32 ./drivers/fsl_gpio.o
 .ARM.attributes
                0x00000190       0x32 ./drivers/fsl_lpsci.o
 .ARM.attributes
                0x000001c2       0x32 ./drivers/fsl_tpm.o
 .ARM.attributes
                0x000001f4       0x32 ./drivers/fsl_uart.o
 .ARM.attributes
                0x00000226       0x32 ./board/board.o
 .ARM.attributes
                0x00000258       0x32 ./board/clock_config.o
 .ARM.attributes
                0x0000028a       0x32 ./board/pin_mux.o
 .ARM.attributes
                0x000002bc       0x32 ./CMSIS/system_MKL25Z4.o
 .ARM.attributes
                0x000002ee       0x31 c:/nxp/mcuxpressoide_10.1.1_606/ide/tools/bin/../lib/gcc/arm-none-eabi/6.3.1/../../../../arm-none-eabi/lib/thumb/v6-m\libcr_semihost_nf.a(_cr__main.o)
 .ARM.attributes
                0x0000031f       0x31 c:/nxp/mcuxpressoide_10.1.1_606/ide/tools/bin/../lib/gcc/arm-none-eabi/6.3.1/../../../../arm-none-eabi/lib/thumb/v6-m\libcr_semihost_nf.a(_cr_assert.o)
 .ARM.attributes
                0x00000350       0x31 c:/nxp/mcuxpressoide_10.1.1_606/ide/tools/bin/../lib/gcc/arm-none-eabi/6.3.1/../../../../arm-none-eabi/lib/thumb/v6-m\libcr_semihost_nf.a(__ciob.o)
 .ARM.attributes
                0x00000381       0x21 c:/nxp/mcuxpressoide_10.1.1_606/ide/tools/bin/../lib/gcc/arm-none-eabi/6.3.1/../../../../arm-none-eabi/lib/thumb/v6-m\libcr_semihost_nf.a(__sys_appexit.o)
 .ARM.attributes
                0x000003a2       0x31 c:/nxp/mcuxpressoide_10.1.1_606/ide/tools/bin/../lib/gcc/arm-none-eabi/6.3.1/../../../../arm-none-eabi/lib/thumb/v6-m\libcr_c.a(memset.o)
 .ARM.attributes
                0x000003d3       0x31 c:/nxp/mcuxpressoide_10.1.1_606/ide/tools/bin/../lib/gcc/arm-none-eabi/6.3.1/../../../../arm-none-eabi/lib/thumb/v6-m\libcr_c.a(_deferredlazyseek.o)
 .ARM.attributes
                0x00000404       0x31 c:/nxp/mcuxpressoide_10.1.1_606/ide/tools/bin/../lib/gcc/arm-none-eabi/6.3.1/../../../../arm-none-eabi/lib/thumb/v6-m\libcr_c.a(_fflush.o)
 .ARM.attributes
                0x00000435       0x31 c:/nxp/mcuxpressoide_10.1.1_606/ide/tools/bin/../lib/gcc/arm-none-eabi/6.3.1/../../../../arm-none-eabi/lib/thumb/v6-m\libcr_c.a(_writebuf.o)
 .ARM.attributes
                0x00000466       0x31 c:/nxp/mcuxpressoide_10.1.1_606/ide/tools/bin/../lib/gcc/arm-none-eabi/6.3.1/../../../../arm-none-eabi/lib/thumb/v6-m\libcr_c.a(alloc.o)
 .ARM.attributes
                0x00000497       0x31 c:/nxp/mcuxpressoide_10.1.1_606/ide/tools/bin/../lib/gcc/arm-none-eabi/6.3.1/../../../../arm-none-eabi/lib/thumb/v6-m\libcr_c.a(fputs.o)
 .ARM.attributes
                0x000004c8       0x31 c:/nxp/mcuxpressoide_10.1.1_606/ide/tools/bin/../lib/gcc/arm-none-eabi/6.3.1/../../../../arm-none-eabi/lib/thumb/v6-m\libcr_c.a(fseek.o)
 .ARM.attributes
                0x000004f9       0x31 c:/nxp/mcuxpressoide_10.1.1_606/ide/tools/bin/../lib/gcc/arm-none-eabi/6.3.1/../../../../arm-none-eabi/lib/thumb/v6-m\libcr_c.a(ftell.o)
 .ARM.attributes
                0x0000052a       0x31 c:/nxp/mcuxpressoide_10.1.1_606/ide/tools/bin/../lib/gcc/arm-none-eabi/6.3.1/../../../../arm-none-eabi/lib/thumb/v6-m\libcr_c.a(initio.o)
 .ARM.attributes
                0x0000055b       0x31 c:/nxp/mcuxpressoide_10.1.1_606/ide/tools/bin/../lib/gcc/arm-none-eabi/6.3.1/../../../../arm-none-eabi/lib/thumb/v6-m\libcr_c.a(printf.o)
 .ARM.attributes
                0x0000058c       0x31 c:/nxp/mcuxpressoide_10.1.1_606/ide/tools/bin/../lib/gcc/arm-none-eabi/6.3.1/../../../../arm-none-eabi/lib/thumb/v6-m\libcr_c.a(setvbuf.o)
 .ARM.attributes
                0x000005bd       0x31 c:/nxp/mcuxpressoide_10.1.1_606/ide/tools/bin/../lib/gcc/arm-none-eabi/6.3.1/../../../../arm-none-eabi/lib/thumb/v6-m\libcr_c.a(strlen.o)
 .ARM.attributes
                0x000005ee       0x31 c:/nxp/mcuxpressoide_10.1.1_606/ide/tools/bin/../lib/gcc/arm-none-eabi/6.3.1/../../../../arm-none-eabi/lib/thumb/v6-m\libcr_c.a(__init_alloc.o)
 .ARM.attributes
                0x0000061f       0x31 c:/nxp/mcuxpressoide_10.1.1_606/ide/tools/bin/../lib/gcc/arm-none-eabi/6.3.1/../../../../arm-none-eabi/lib/thumb/v6-m\libcr_c.a(_cr_sbrk.o)
 .ARM.attributes
                0x00000650       0x31 c:/nxp/mcuxpressoide_10.1.1_606/ide/tools/bin/../lib/gcc/arm-none-eabi/6.3.1/../../../../arm-none-eabi/lib/thumb/v6-m\libcr_c.a(_fdopen.o)
 .ARM.attributes
                0x00000681       0x31 c:/nxp/mcuxpressoide_10.1.1_606/ide/tools/bin/../lib/gcc/arm-none-eabi/6.3.1/../../../../arm-none-eabi/lib/thumb/v6-m\libcr_c.a(errno.o)
 .ARM.attributes
                0x000006b2       0x31 c:/nxp/mcuxpressoide_10.1.1_606/ide/tools/bin/../lib/gcc/arm-none-eabi/6.3.1/../../../../arm-none-eabi/lib/thumb/v6-m\libcr_c.a(fclose.o)
 .ARM.attributes
                0x000006e3       0x31 c:/nxp/mcuxpressoide_10.1.1_606/ide/tools/bin/../lib/gcc/arm-none-eabi/6.3.1/../../../../arm-none-eabi/lib/thumb/v6-m\libcr_c.a(fflush.o)
 .ARM.attributes
                0x00000714       0x31 c:/nxp/mcuxpressoide_10.1.1_606/ide/tools/bin/../lib/gcc/arm-none-eabi/6.3.1/../../../../arm-none-eabi/lib/thumb/v6-m\libcr_c.a(remove.o)
 .ARM.attributes
                0x00000745       0x31 c:/nxp/mcuxpressoide_10.1.1_606/ide/tools/bin/../lib/gcc/arm-none-eabi/6.3.1/../../../../arm-none-eabi/lib/thumb/v6-m\libcr_c.a(_cr_check_heap.o)
 .ARM.attributes
                0x00000776       0x31 c:/nxp/mcuxpressoide_10.1.1_606/ide/tools/bin/../lib/gcc/arm-none-eabi/6.3.1/../../../../arm-none-eabi/lib/thumb/v6-m\libcr_c.a(_do_fflush.o)
 .ARM.attributes
                0x000007a7       0x21 c:/nxp/mcuxpressoide_10.1.1_606/ide/tools/bin/../lib/gcc/arm-none-eabi/6.3.1/thumb/v6-m\libcr_eabihelpers.a(division_32.o)
 .ARM.attributes
                0x000007c8       0x21 c:/nxp/mcuxpressoide_10.1.1_606/ide/tools/bin/../lib/gcc/arm-none-eabi/6.3.1/thumb/v6-m\libcr_eabihelpers.a(division_64.o)
 .ARM.attributes
                0x000007e9       0x21 c:/nxp/mcuxpressoide_10.1.1_606/ide/tools/bin/../lib/gcc/arm-none-eabi/6.3.1/thumb/v6-m\libcr_eabihelpers.a(division_idiv0.o)
 .ARM.attributes
                0x0000080a       0x31 c:/nxp/mcuxpressoide_10.1.1_606/ide/tools/bin/../lib/gcc/arm-none-eabi/6.3.1/thumb/v6-m\libcr_eabihelpers.a(double.o)
 .ARM.attributes
                0x0000083b       0x21 c:/nxp/mcuxpressoide_10.1.1_606/ide/tools/bin/../lib/gcc/arm-none-eabi/6.3.1/thumb/v6-m\libcr_eabihelpers.a(llong.o)
 .ARM.attributes
                0x0000085c       0x21 c:/nxp/mcuxpressoide_10.1.1_606/ide/tools/bin/../lib/gcc/arm-none-eabi/6.3.1/thumb/v6-m\libcr_eabihelpers.a(memcpy.o)
 .ARM.attributes
                0x0000087d       0x21 c:/nxp/mcuxpressoide_10.1.1_606/ide/tools/bin/../lib/gcc/arm-none-eabi/6.3.1/../../../../arm-none-eabi/lib/thumb/v6-m\libcr_semihost_nf.a(__sys_close.o)
 .ARM.attributes
                0x0000089e       0x21 c:/nxp/mcuxpressoide_10.1.1_606/ide/tools/bin/../lib/gcc/arm-none-eabi/6.3.1/../../../../arm-none-eabi/lib/thumb/v6-m\libcr_semihost_nf.a(__sys_flen.o)
 .ARM.attributes
                0x000008bf       0x21 c:/nxp/mcuxpressoide_10.1.1_606/ide/tools/bin/../lib/gcc/arm-none-eabi/6.3.1/../../../../arm-none-eabi/lib/thumb/v6-m\libcr_semihost_nf.a(__sys_istty.o)
 .ARM.attributes
                0x000008e0       0x21 c:/nxp/mcuxpressoide_10.1.1_606/ide/tools/bin/../lib/gcc/arm-none-eabi/6.3.1/../../../../arm-none-eabi/lib/thumb/v6-m\libcr_semihost_nf.a(__sys_remove.o)
 .ARM.attributes
                0x00000901       0x21 c:/nxp/mcuxpressoide_10.1.1_606/ide/tools/bin/../lib/gcc/arm-none-eabi/6.3.1/../../../../arm-none-eabi/lib/thumb/v6-m\libcr_semihost_nf.a(__sys_seek.o)
 .ARM.attributes
                0x00000922       0x21 c:/nxp/mcuxpressoide_10.1.1_606/ide/tools/bin/../lib/gcc/arm-none-eabi/6.3.1/../../../../arm-none-eabi/lib/thumb/v6-m\libcr_semihost_nf.a(__sys_tmpnam.o)
 .ARM.attributes
                0x00000943       0x21 c:/nxp/mcuxpressoide_10.1.1_606/ide/tools/bin/../lib/gcc/arm-none-eabi/6.3.1/../../../../arm-none-eabi/lib/thumb/v6-m\libcr_semihost_nf.a(__sys_write.o)

.debug_frame    0x00000000     0x1ce0
 .debug_frame   0x00000000       0xcc ./utilities/fsl_debug_console.o
 .debug_frame   0x000000cc      0x3b0 ./startup/startup_mkl25z4.o
 .debug_frame   0x0000047c       0x20 ./source/semihost_hardfault.o
 .debug_frame   0x0000049c      0x2b8 ./source/tpm_timer.o
 .debug_frame   0x00000754      0x1d0 ./drivers/fsl_adc16.o
 .debug_frame   0x00000924      0x6dc ./drivers/fsl_clock.o
 .debug_frame   0x00001000       0xb0 ./drivers/fsl_gpio.o
 .debug_frame   0x000010b0      0x410 ./drivers/fsl_lpsci.o
 .debug_frame   0x000014c0      0x1d0 ./drivers/fsl_tpm.o
 .debug_frame   0x00001690      0x464 ./drivers/fsl_uart.o
 .debug_frame   0x00001af4       0x50 ./board/board.o
 .debug_frame   0x00001b44       0xe4 ./board/clock_config.o
 .debug_frame   0x00001c28       0x6c ./board/pin_mux.o
 .debug_frame   0x00001c94       0x4c ./CMSIS/system_MKL25Z4.o
